[21:28:36] [ServerMain/INFO]: [bootstrap] Running Java 21 (Java HotSpot(TM) 64-Bit Server VM 21.0.4+8-LTS-274; Oracle Corporation null) on Windows 10 10.0 (amd64)
[21:28:36] [ServerMain/INFO]: [bootstrap] Loading Paper 1.21.4-231-ver/1.21.4@09e9afd (2025-05-19T17:59:36Z) for Minecraft 1.21.4
[21:28:37] [ServerMain/INFO]: [PluginInitializerManager] Initializing plugins...
[21:28:37] [Paper Plugin Remapper Thread - 2/INFO]: [PluginRemapper] Remapping plugin 'plugins\runic-overlord.jar'...
[21:28:38] [Paper Plugin Remapper Thread - 2/INFO]: [PluginRemapper] Done remapping plugin 'plugins\runic-overlord.jar' in 1043ms.
[21:28:39] [ServerMain/INFO]: [PluginInitializerManager] Initialized 7 plugins
[21:28:39] [ServerMain/INFO]: [PluginInitializerManager] Bukkit plugins (7):
 - Essentials (2.21.2-dev+2-d42347f), EssentialsChat (2.21.2-dev+2-d42347f), EssentialsSpawn (2.21.2-dev+2-d42347f), LuckPerms (5.5.0), PlaceholderAPI (2.11.6), Vault (1.7.3-b131), runic_overlord (1.0-SNAPSHOT)
[21:28:44] [ServerMain/INFO]: Environment: Environment[sessionHost=https://sessionserver.mojang.com, servicesHost=https://api.minecraftservices.com, name=PROD]
[21:28:45] [ServerMain/INFO]: Loaded 1370 recipes
[21:28:46] [ServerMain/INFO]: Loaded 1481 advancements
[21:28:46] [ServerMain/INFO]: [MCTypeRegistry] Initialising converters for DataConverter...
[21:28:46] [ServerMain/INFO]: [MCTypeRegistry] Finished initialising converters for DataConverter in 190.2ms
[21:28:46] [Server thread/INFO]: Starting minecraft server version 1.21.4
[21:28:46] [Server thread/INFO]: Loading properties
[21:28:46] [Server thread/INFO]: This server is running Paper version 1.21.4-231-ver/1.21.4@09e9afd (2025-05-19T17:59:36Z) (Implementing API version 1.21.4-R0.1-SNAPSHOT)
[21:28:46] [Server thread/INFO]: [spark] This server bundles the spark profiler. For more information please visit https://docs.papermc.io/paper/profiling
[21:28:46] [Server thread/INFO]: Server Ping Player Sample Count: 12
[21:28:46] [Server thread/INFO]: Using 4 threads for Netty based IO
[21:28:47] [Server thread/INFO]: [MoonriseCommon] Paper is using 5 worker threads, 1 I/O threads
[21:28:47] [Server thread/INFO]: [ChunkTaskScheduler] Chunk system is using population gen parallelism: true
[21:28:47] [Server thread/INFO]: Default game type: SURVIVAL
[21:28:47] [Server thread/INFO]: Generating keypair
[21:28:47] [Server thread/INFO]: Starting Minecraft server on *:25565
[21:28:47] [Server thread/INFO]: Using default channel type
[21:28:47] [Server thread/INFO]: Paper: Using Java compression from Velocity.
[21:28:47] [Server thread/INFO]: Paper: Using Java cipher from Velocity.
[21:28:47] [Server thread/INFO]: [LuckPerms] Loading server plugin LuckPerms v5.5.0
[21:28:48] [Server thread/INFO]: [Vault] Loading server plugin Vault v1.7.3-b131
[21:28:48] [Server thread/INFO]: [Essentials] Loading server plugin Essentials v2.21.2-dev+2-d42347f
[21:28:48] [Server thread/INFO]: [runic_overlord] Loading server plugin runic_overlord v1.0-SNAPSHOT
[21:28:48] [Server thread/INFO]: [PlaceholderAPI] Loading server plugin PlaceholderAPI v2.11.6
[21:28:48] [Server thread/INFO]: [EssentialsSpawn] Loading server plugin EssentialsSpawn v2.21.2-dev+2-d42347f
[21:28:48] [Server thread/INFO]: [EssentialsChat] Loading server plugin EssentialsChat v2.21.2-dev+2-d42347f
[21:28:48] [Server thread/INFO]: Server permissions file permissions.yml is empty, ignoring it
[21:28:48] [Server thread/INFO]: [LuckPerms] Enabling LuckPerms v5.5.0
[21:28:48] [Server thread/INFO]:         __    
[21:28:48] [Server thread/INFO]:   |    |__)   LuckPerms v5.5.0
[21:28:48] [Server thread/INFO]:   |___ |      Running on Bukkit - Paper
[21:28:48] [Server thread/INFO]: 
[21:28:48] [Server thread/INFO]: [LuckPerms] Loading configuration...
[21:28:48] [Server thread/INFO]: [LuckPerms] Loading storage provider... [H2]
[21:28:49] [Server thread/INFO]: [LuckPerms] Loading internal permission managers...
[21:28:49] [Server thread/INFO]: [LuckPerms] Performing initial data load...
[21:28:49] [Server thread/INFO]: [LuckPerms] Successfully enabled. (took 1356ms)
[21:28:49] [Server thread/INFO]: [Vault] Enabling Vault v1.7.3-b131
[21:28:49] [Server thread/INFO]: [Vault] [Economy] Essentials Economy found: Waiting
[21:28:49] [Server thread/INFO]: [Vault] [Permission] SuperPermissions loaded as backup permission system.
[21:28:49] [Server thread/INFO]: [Vault] Enabled Version 1.7.3-b131
[21:28:49] [Server thread/INFO]: [LuckPerms] Registered Vault permission & chat hook.
[21:28:49] [Server thread/INFO]: Preparing level "world"
[21:28:50] [Server thread/INFO]: Preparing start region for dimension minecraft:overworld
[21:28:50] [Server thread/INFO]: Preparing spawn area: 0%
[21:28:51] [Server thread/INFO]: Preparing spawn area: 0%
[21:28:51] [Server thread/INFO]: Time elapsed: 806 ms
[21:28:51] [Server thread/INFO]: Preparing start region for dimension minecraft:the_nether
[21:28:51] [Server thread/INFO]: Preparing spawn area: 0%
[21:28:51] [Server thread/INFO]: Time elapsed: 102 ms
[21:28:51] [Server thread/INFO]: Preparing start region for dimension minecraft:the_end
[21:28:51] [Server thread/INFO]: Preparing spawn area: 0%
[21:28:51] [Server thread/INFO]: Time elapsed: 89 ms
[21:28:51] [Server thread/INFO]: [Essentials] Enabling Essentials v2.21.2-dev+2-d42347f
[21:28:51] [Server thread/ERROR]: [Essentials] You are running an unsupported server version!
[21:28:52] [Server thread/INFO]: [Essentials] Attempting to convert old kits in config.yml to new kits.yml
[21:28:52] [Server thread/INFO]: [Essentials] No kits found to migrate.
[21:28:52] [Server thread/INFO]: [Essentials] Selected Paper Serialization Provider as the provider for SerializationProvider
[21:28:52] [Server thread/INFO]: [Essentials] Selected 1.13+ Spawn Egg Provider as the provider for SpawnEggProvider
[21:28:52] [Server thread/INFO]: [Essentials] Selected 1.12+ Spawner Block Provider as the provider for SpawnerBlockProvider
[21:28:52] [Server thread/INFO]: [Essentials] Selected 1.14+ Sign Data Provider as the provider for SignDataProvider
[21:28:52] [Server thread/INFO]: [Essentials] Selected 1.21.4+ Sync Commands Provider as the provider for SyncCommandsProvider
[21:28:52] [Server thread/INFO]: [Essentials] Selected 1.20.5+ Banner Data Provider as the provider for BannerDataProvider
[21:28:52] [Server thread/INFO]: [Essentials] Selected Paper Tick Count Provider as the provider for TickCountProvider
[21:28:52] [Server thread/INFO]: [Essentials] Selected Paper Material Tag Provider as the provider for MaterialTagProvider
[21:28:52] [Server thread/INFO]: [Essentials] Selected Paper Server State Provider as the provider for ServerStateProvider
[21:28:52] [Server thread/INFO]: [Essentials] Selected 1.12.2+ Player Locale Provider as the provider for PlayerLocaleProvider
[21:28:52] [Server thread/INFO]: [Essentials] Selected Reflection Online Mode Provider as the provider for OnlineModeProvider
[21:28:52] [Server thread/INFO]: [Essentials] Selected Paper Container Provider as the provider for ContainerProvider
[21:28:52] [Server thread/INFO]: [Essentials] Selected 1.17.1+ World Info Provider as the provider for WorldInfoProvider
[21:28:52] [Server thread/INFO]: [Essentials] Selected Paper Known Commands Provider as the provider for KnownCommandsProvider
[21:28:52] [Server thread/INFO]: [Essentials] Selected Paper Biome Key Provider as the provider for BiomeKeyProvider
[21:28:52] [Server thread/INFO]: [Essentials] Selected 1.21+ InventoryView Interface ABI Provider as the provider for InventoryViewProvider
[21:28:52] [Server thread/INFO]: [Essentials] Selected 1.20.6+ Potion Meta Provider as the provider for PotionMetaProvider
[21:28:52] [Server thread/INFO]: [Essentials] Selected 1.20.4+ Damage Event Provider as the provider for DamageEventProvider
[21:28:52] [Server thread/INFO]: [Essentials] Selected 1.11+ Item Unbreakable Provider as the provider for ItemUnbreakableProvider
[21:28:52] [Server thread/INFO]: [Essentials] Selected 1.14.4+ Persistent Data Container Provider as the provider for PersistentDataProvider
[21:28:52] [Server thread/INFO]: [Essentials] Selected 1.8.3+ Spawner Item Provider as the provider for SpawnerItemProvider
[21:28:52] [Server thread/INFO]: [Essentials] Selected Reflection Formatted Command Alias Provider as the provider for FormattedCommandAliasProvider
[21:28:52] [Server thread/INFO]: [Essentials] Loaded 43517 items from items.json.
[21:28:52] [Server thread/INFO]: [Essentials] Using locale en_CA
[21:28:52] [Server thread/INFO]: [Essentials] ServerListPingEvent: Spigot iterator API
[21:28:52] [Server thread/INFO]: [Essentials] Starting Metrics. Opt-out using the global bStats config.
[21:28:52] [Server thread/INFO]: [Vault] [Economy] Essentials Economy hooked.
[21:28:52] [Server thread/INFO]: [Essentials] Using Vault based permissions (LuckPerms)
[21:28:52] [Server thread/INFO]: [runic_overlord] Enabling runic_overlord v1.0-SNAPSHOT
[21:28:52] [Server thread/INFO]: [runic_overlord] Runic Overlord is up and ready!
[21:28:52] [Server thread/INFO]: [runic_overlord] Initializing Runic Overlord systems...
[21:28:53] [Server thread/INFO]: [PlaceholderAPI] Enabling PlaceholderAPI v2.11.6
[21:28:53] [Server thread/INFO]: [PlaceholderAPI] Fetching available expansion information...
[21:28:53] [Server thread/INFO]: [EssentialsSpawn] Enabling EssentialsSpawn v2.21.2-dev+2-d42347f
[21:28:53] [Server thread/INFO]: [EssentialsSpawn] Starting Metrics. Opt-out using the global bStats config.
[21:28:53] [Server thread/INFO]: [EssentialsChat] Enabling EssentialsChat v2.21.2-dev+2-d42347f
[21:28:53] [Server thread/INFO]: [EssentialsChat] Starting Metrics. Opt-out using the global bStats config.
[21:28:53] [Server thread/INFO]: [spark] Starting background profiler...
[21:28:53] [Server thread/INFO]: [spark] The async-profiler engine is not supported for your os/arch (windows10/amd64), so the built-in Java engine will be used instead.
[21:28:53] [Server thread/INFO]: [PlaceholderAPI] Placeholder expansion registration initializing...
[21:28:53] [Server thread/INFO]: 0 placeholder hook(s) registered!
[21:28:53] [Server thread/INFO]: Done preparing level "world" (3.727s)
[21:28:53] [Server thread/INFO]: Running delayed init tasks
[21:28:53] [Server thread/INFO]: [Essentials] Essentials found a compatible payment resolution method: Vault Compatibility Layer (v1.7.3-b131)!
[21:28:53] [Server thread/INFO]: Done (17.740s)! For help, type "help"
[21:28:53] [Craft Scheduler Thread - 3 - Essentials/INFO]: [Essentials] Fetching version information...
[21:28:53] [Craft Scheduler Thread - 0 - Vault/INFO]: [Vault] Checking for Updates ... 
[21:28:53] [Craft Scheduler Thread - 0 - Vault/INFO]: [Vault] No new version available
[21:28:54] [User Authenticator #0/INFO]: UUID of player PickleEater41 is 0d294085-5a04-4c25-b445-9be01eb3e946
[21:28:55] [Server thread/INFO]: PickleEater41 joined the game
[21:28:55] [Server thread/INFO]: PickleEater41[/127.0.0.1:56538] logged in with entity id 82 at ([world]-56.854002880844135, 87.0, -41.69999998807907)
[21:29:15] [Server thread/INFO]: PickleEater41 issued server command: /god
[21:29:30] [Server thread/INFO]: Stopping the server
[21:29:30] [Server thread/INFO]: Stopping server
[21:29:30] [Server thread/INFO]: [EssentialsChat] Disabling EssentialsChat v2.21.2-dev+2-d42347f
[21:29:30] [Server thread/INFO]: [EssentialsSpawn] Disabling EssentialsSpawn v2.21.2-dev+2-d42347f
[21:29:30] [Server thread/INFO]: [PlaceholderAPI] Disabling PlaceholderAPI v2.11.6
[21:29:30] [Server thread/INFO]: [runic_overlord] Disabling runic_overlord v1.0-SNAPSHOT
[21:29:30] [Server thread/INFO]: [runic_overlord] Shutting down Runic Overlord systems...
[21:29:30] [Server thread/INFO]: [runic_overlord] Runic Overlord disabled.
[21:29:30] [Server thread/INFO]: [Essentials] Disabling Essentials v2.21.2-dev+2-d42347f
[21:29:30] [Server thread/INFO]: [Vault] [Economy] Essentials Economy unhooked.
[21:29:30] [Server thread/INFO]: [Vault] Disabling Vault v1.7.3-b131
[21:29:30] [Server thread/INFO]: [LuckPerms] Disabling LuckPerms v5.5.0
[21:29:30] [Server thread/INFO]: [LuckPerms] Starting shutdown process...
[21:29:30] [Server thread/INFO]: [LuckPerms] Closing storage...
[21:29:30] [Server thread/INFO]: [LuckPerms] Goodbye!
[21:29:30] [Server thread/INFO]: Saving players
[21:29:30] [Server thread/INFO]: PickleEater41 lost connection: Server closed
[21:29:30] [Server thread/INFO]: PickleEater41 left the game
[21:29:31] [Server thread/INFO]: Saving worlds
[21:29:31] [Server thread/INFO]: Saving chunks for level 'ServerLevel[world]'/minecraft:overworld
[21:29:31] [Server thread/INFO]: [ChunkHolderManager] Waiting 60s for chunk system to halt for world 'world'
[21:29:31] [Server thread/INFO]: [ChunkHolderManager] Halted chunk system for world 'world'
[21:29:31] [Server thread/INFO]: [ChunkHolderManager] Saving all chunkholders for world 'world'
[21:29:32] [Server thread/INFO]: [ChunkHolderManager] Saved 1368 block chunks, 675 entity chunks, 1 poi chunks in world 'world' in 0.93s
[21:29:32] [Server thread/INFO]: [ChunkHolderManager] Waiting 60s for chunk I/O to halt for world 'world'
[21:29:32] [Server thread/INFO]: [ChunkHolderManager] Halted I/O scheduler for world 'world'
[21:29:32] [Server thread/INFO]: Saving chunks for level 'ServerLevel[world_nether]'/minecraft:the_nether
[21:29:32] [Server thread/INFO]: [ChunkHolderManager] Waiting 60s for chunk system to halt for world 'world_nether'
[21:29:32] [Server thread/INFO]: [ChunkHolderManager] Halted chunk system for world 'world_nether'
[21:29:32] [Server thread/INFO]: [ChunkHolderManager] Saving all chunkholders for world 'world_nether'
[21:29:32] [Server thread/INFO]: [ChunkHolderManager] Saved 49 block chunks, 49 entity chunks, 0 poi chunks in world 'world_nether' in 0.03s
[21:29:32] [Server thread/INFO]: [ChunkHolderManager] Waiting 60s for chunk I/O to halt for world 'world_nether'
[21:29:32] [Server thread/INFO]: [ChunkHolderManager] Halted I/O scheduler for world 'world_nether'
[21:29:32] [Server thread/INFO]: Saving chunks for level 'ServerLevel[world_the_end]'/minecraft:the_end
[21:29:32] [Server thread/INFO]: [ChunkHolderManager] Waiting 60s for chunk system to halt for world 'world_the_end'
[21:29:32] [Server thread/INFO]: [ChunkHolderManager] Halted chunk system for world 'world_the_end'
[21:29:32] [Server thread/INFO]: [ChunkHolderManager] Saving all chunkholders for world 'world_the_end'
[21:29:32] [Server thread/INFO]: [ChunkHolderManager] Saved 49 block chunks, 49 entity chunks, 0 poi chunks in world 'world_the_end' in 0.02s
[21:29:32] [Server thread/INFO]: [ChunkHolderManager] Waiting 60s for chunk I/O to halt for world 'world_the_end'
[21:29:32] [Server thread/INFO]: [ChunkHolderManager] Halted I/O scheduler for world 'world_the_end'
[21:29:32] [Server thread/INFO]: ThreadedAnvilChunkStorage (world): All chunks are saved
[21:29:32] [Server thread/INFO]: ThreadedAnvilChunkStorage (DIM-1): All chunks are saved
[21:29:32] [Server thread/INFO]: ThreadedAnvilChunkStorage (DIM1): All chunks are saved
[21:29:32] [Server thread/INFO]: ThreadedAnvilChunkStorage: All dimensions are saved
[21:29:32] [Server thread/INFO]: Waiting for I/O tasks to complete...
[21:29:32] [Server thread/INFO]: All I/O tasks to complete
[21:29:32] [Server thread/INFO]: [MoonriseCommon] Awaiting termination of worker pool for up to 60s...
[21:29:32] [Server thread/INFO]: [MoonriseCommon] Awaiting termination of I/O pool for up to 60s...
